2026-05-10 08:39:52.646  2114-2795  threaded_app            org.sdrpp.sdrpp                      V  New input event: type=2
2026-05-10 08:39:52.647  2114-2114  VRI[MainAc...y]@4767f40 org.sdrpp.sdrpp                      I  ViewPostIme pointer 0
2026-05-10 08:39:52.663  2114-2795  threaded_app            org.sdrpp.sdrpp                      V  New input event: type=2
2026-05-10 08:39:52.680  2114-2795  threaded_app            org.sdrpp.sdrpp                      V  New input event: type=2
2026-05-10 08:39:52.697  2114-2795  threaded_app            org.sdrpp.sdrpp                      V  New input event: type=2
2026-05-10 08:39:52.729  2114-2795  threaded_app            org.sdrpp.sdrpp                      V  New input event: type=2
2026-05-10 08:39:52.729  2114-2795  threaded_app            org.sdrpp.sdrpp                      V  New input event: type=2
2026-05-10 08:39:52.729  2114-2114  VRI[MainAc...y]@4767f40 org.sdrpp.sdrpp                      I  ViewPostIme pointer 1
2026-05-10 08:39:53.982  2114-2795  threaded_app            org.sdrpp.sdrpp                      V  New input event: type=2
2026-05-10 08:39:53.983  2114-2114  VRI[MainAc...y]@4767f40 org.sdrpp.sdrpp                      I  ViewPostIme pointer 0
2026-05-10 08:39:53.998  2114-2795  threaded_app            org.sdrpp.sdrpp                      V  New input event: type=2
2026-05-10 08:39:54.014  2114-2795  threaded_app            org.sdrpp.sdrpp                      V  New input event: type=2
2026-05-10 08:39:54.032  2114-2795  threaded_app            org.sdrpp.sdrpp                      V  New input event: type=2
2026-05-10 08:39:54.048  2114-2795  threaded_app            org.sdrpp.sdrpp                      V  New input event: type=2
2026-05-10 08:39:54.065  2114-2795  threaded_app            org.sdrpp.sdrpp                      V  New input event: type=2
2026-05-10 08:39:54.081  2114-2795  threaded_app            org.sdrpp.sdrpp                      V  New input event: type=2
2026-05-10 08:39:54.098  2114-2795  threaded_app            org.sdrpp.sdrpp                      V  New input event: type=2
2026-05-10 08:39:54.115  2114-2795  threaded_app            org.sdrpp.sdrpp                      V  New input event: type=2
2026-05-10 08:39:54.132  2114-2795  threaded_app            org.sdrpp.sdrpp                      V  New input event: type=2
2026-05-10 08:39:54.148  2114-2795  threaded_app            org.sdrpp.sdrpp                      V  New input event: type=2
2026-05-10 08:39:54.165  2114-2795  threaded_app            org.sdrpp.sdrpp                      V  New input event: type=2
2026-05-10 08:39:54.182  2114-2795  threaded_app            org.sdrpp.sdrpp                      V  New input event: type=2
2026-05-10 08:39:54.198  2114-2795  threaded_app            org.sdrpp.sdrpp                      V  New input event: type=2
2026-05-10 08:39:54.215  2114-2795  threaded_app            org.sdrpp.sdrpp                      V  New input event: type=2
2026-05-10 08:39:54.231  2114-2795  threaded_app            org.sdrpp.sdrpp                      V  New input event: type=2
2026-05-10 08:39:54.248  2114-2795  threaded_app            org.sdrpp.sdrpp                      V  New input event: type=2
2026-05-10 08:39:54.264  2114-2795  threaded_app            org.sdrpp.sdrpp                      V  New input event: type=2
2026-05-10 08:39:54.281  2114-2795  threaded_app            org.sdrpp.sdrpp                      V  New input event: type=2
2026-05-10 08:39:54.298  2114-2795  threaded_app            org.sdrpp.sdrpp                      V  New input event: type=2
2026-05-10 08:39:54.315  2114-2795  threaded_app            org.sdrpp.sdrpp                      V  New input event: type=2
2026-05-10 08:39:54.332  2114-2795  threaded_app            org.sdrpp.sdrpp                      V  New input event: type=2
2026-05-10 08:39:54.349  2114-2795  threaded_app            org.sdrpp.sdrpp                      V  New input event: type=2
2026-05-10 08:39:54.366  2114-2795  threaded_app            org.sdrpp.sdrpp                      V  New input event: type=2
2026-05-10 08:39:54.382  2114-2795  threaded_app            org.sdrpp.sdrpp                      V  New input event: type=2
2026-05-10 08:39:54.399  2114-2795  threaded_app            org.sdrpp.sdrpp                      V  New input event: type=2
2026-05-10 08:39:54.415  2114-2795  threaded_app            org.sdrpp.sdrpp                      V  New input event: type=2
2026-05-10 08:39:54.432  2114-2795  threaded_app            org.sdrpp.sdrpp                      V  New input event: type=2
2026-05-10 08:39:54.510  2114-2795  threaded_app            org.sdrpp.sdrpp                      V  New input event: type=2
2026-05-10 08:39:54.510  2114-2795  threaded_app            org.sdrpp.sdrpp                      V  New input event: type=2
2026-05-10 08:39:54.510  2114-2795  threaded_app            org.sdrpp.sdrpp                      V  New input event: type=2
2026-05-10 08:39:54.510  2114-2795  threaded_app            org.sdrpp.sdrpp                      V  New input event: type=2
2026-05-10 08:39:54.539  2114-2795  threaded_app            org.sdrpp.sdrpp                      V  New input event: type=2
2026-05-10 08:39:54.539  2114-2795  threaded_app            org.sdrpp.sdrpp                      V  New input event: type=2
2026-05-10 08:39:54.548  2114-2795  threaded_app            org.sdrpp.sdrpp                      V  New input event: type=2
2026-05-10 08:39:54.566  2114-2795  threaded_app            org.sdrpp.sdrpp                      V  New input event: type=2
2026-05-10 08:39:54.583  2114-2795  threaded_app            org.sdrpp.sdrpp                      V  New input event: type=2
2026-05-10 08:39:54.599  2114-2795  threaded_app            org.sdrpp.sdrpp                      V  New input event: type=2
2026-05-10 08:39:54.616  2114-2795  threaded_app            org.sdrpp.sdrpp                      V  New input event: type=2
2026-05-10 08:39:54.682  2114-2795  threaded_app            org.sdrpp.sdrpp                      V  New input event: type=2
2026-05-10 08:39:54.733  2114-2795  threaded_app            org.sdrpp.sdrpp                      V  New input event: type=2
2026-05-10 08:39:54.766  2114-2795  threaded_app            org.sdrpp.sdrpp                      V  New input event: type=2
2026-05-10 08:39:54.782  2114-2795  threaded_app            org.sdrpp.sdrpp                      V  New input event: type=2
2026-05-10 08:39:54.799  2114-2795  threaded_app            org.sdrpp.sdrpp                      V  New input event: type=2
2026-05-10 08:39:54.848  2114-2795  threaded_app            org.sdrpp.sdrpp                      V  New input event: type=2
2026-05-10 08:39:54.899  2114-2795  threaded_app            org.sdrpp.sdrpp                      V  New input event: type=2
2026-05-10 08:39:54.949  2114-2795  threaded_app            org.sdrpp.sdrpp                      V  New input event: type=2
2026-05-10 08:39:54.966  2114-2795  threaded_app            org.sdrpp.sdrpp                      V  New input event: type=2
2026-05-10 08:39:54.983  2114-2795  threaded_app            org.sdrpp.sdrpp                      V  New input event: type=2
2026-05-10 08:39:54.999  2114-2795  threaded_app            org.sdrpp.sdrpp                      V  New input event: type=2
2026-05-10 08:39:55.016  2114-2795  threaded_app            org.sdrpp.sdrpp                      V  New input event: type=2
2026-05-10 08:39:55.032  2114-2795  threaded_app            org.sdrpp.sdrpp                      V  New input event: type=2
2026-05-10 08:39:55.049  2114-2795  threaded_app            org.sdrpp.sdrpp                      V  New input event: type=2
2026-05-10 08:39:55.066  2114-2795  threaded_app            org.sdrpp.sdrpp                      V  New input event: type=2
2026-05-10 08:39:55.083  2114-2795  threaded_app            org.sdrpp.sdrpp                      V  New input event: type=2
2026-05-10 08:39:55.099  2114-2795  threaded_app            org.sdrpp.sdrpp                      V  New input event: type=2
2026-05-10 08:39:55.116  2114-2795  threaded_app            org.sdrpp.sdrpp                      V  New input event: type=2
2026-05-10 08:39:55.132  2114-2795  threaded_app            org.sdrpp.sdrpp                      V  New input event: type=2
2026-05-10 08:39:55.149  2114-2795  threaded_app            org.sdrpp.sdrpp                      V  New input event: type=2
2026-05-10 08:39:55.167  2114-2795  threaded_app            org.sdrpp.sdrpp                      V  New input event: type=2
2026-05-10 08:39:55.183  2114-2795  threaded_app            org.sdrpp.sdrpp                      V  New input event: type=2
2026-05-10 08:39:55.199  2114-2795  threaded_app            org.sdrpp.sdrpp                      V  New input event: type=2
2026-05-10 08:39:55.216  2114-2795  threaded_app            org.sdrpp.sdrpp                      V  New input event: type=2
2026-05-10 08:39:55.233  2114-2795  threaded_app            org.sdrpp.sdrpp                      V  New input event: type=2
2026-05-10 08:39:55.249  2114-2795  threaded_app            org.sdrpp.sdrpp                      V  New input event: type=2
2026-05-10 08:39:55.266  2114-2795  threaded_app            org.sdrpp.sdrpp                      V  New input event: type=2
2026-05-10 08:39:55.283  2114-2795  threaded_app            org.sdrpp.sdrpp                      V  New input event: type=2
2026-05-10 08:39:55.300  2114-2795  threaded_app            org.sdrpp.sdrpp                      V  New input event: type=2
2026-05-10 08:39:55.316  2114-2795  threaded_app            org.sdrpp.sdrpp                      V  New input event: type=2
2026-05-10 08:39:55.333  2114-2795  threaded_app            org.sdrpp.sdrpp                      V  New input event: type=2
2026-05-10 08:39:55.350  2114-2795  threaded_app            org.sdrpp.sdrpp                      V  New input event: type=2
2026-05-10 08:39:55.366  2114-2795  threaded_app            org.sdrpp.sdrpp                      V  New input event: type=2
2026-05-10 08:39:55.383  2114-2795  threaded_app            org.sdrpp.sdrpp                      V  New input event: type=2
2026-05-10 08:39:55.416  2114-2795  threaded_app            org.sdrpp.sdrpp                      V  New input event: type=2
2026-05-10 08:39:55.450  2114-2795  threaded_app            org.sdrpp.sdrpp                      V  New input event: type=2
2026-05-10 08:39:55.466  2114-2795  threaded_app            org.sdrpp.sdrpp                      V  New input event: type=2
2026-05-10 08:39:55.500  2114-2795  threaded_app            org.sdrpp.sdrpp                      V  New input event: type=2
2026-05-10 08:39:55.533  2114-2795  threaded_app            org.sdrpp.sdrpp                      V  New input event: type=2
2026-05-10 08:39:55.551  2114-2795  threaded_app            org.sdrpp.sdrpp                      V  New input event: type=2
2026-05-10 08:39:55.584  2114-2795  threaded_app            org.sdrpp.sdrpp                      V  New input event: type=2
2026-05-10 08:39:55.617  2114-2795  threaded_app            org.sdrpp.sdrpp                      V  New input event: type=2
2026-05-10 08:39:55.650  2114-2795  threaded_app            org.sdrpp.sdrpp                      V  New input event: type=2
2026-05-10 08:39:55.684  2114-2795  threaded_app            org.sdrpp.sdrpp                      V  New input event: type=2
2026-05-10 08:39:55.717  2114-2795  threaded_app            org.sdrpp.sdrpp                      V  New input event: type=2
2026-05-10 08:39:55.768  2114-2795  threaded_app            org.sdrpp.sdrpp                      V  New input event: type=2
2026-05-10 08:39:55.800  2114-2795  threaded_app            org.sdrpp.sdrpp                      V  New input event: type=2
2026-05-10 08:39:55.850  2114-2795  threaded_app            org.sdrpp.sdrpp                      V  New input event: type=2
2026-05-10 08:39:55.883  2114-2795  threaded_app            org.sdrpp.sdrpp                      V  New input event: type=2
2026-05-10 08:39:55.916  2114-2795  threaded_app            org.sdrpp.sdrpp                      V  New input event: type=2
2026-05-10 08:39:55.934  2114-2795  threaded_app            org.sdrpp.sdrpp                      V  New input event: type=2
2026-05-10 08:39:55.967  2114-2795  threaded_app            org.sdrpp.sdrpp                      V  New input event: type=2
2026-05-10 08:39:56.000  2114-2795  threaded_app            org.sdrpp.sdrpp                      V  New input event: type=2
2026-05-10 08:39:56.034  2114-2795  threaded_app            org.sdrpp.sdrpp                      V  New input event: type=2
2026-05-10 08:39:56.051  2114-2795  threaded_app            org.sdrpp.sdrpp                      V  New input event: type=2
2026-05-10 08:39:56.100  2114-2795  threaded_app            org.sdrpp.sdrpp                      V  New input event: type=2
2026-05-10 08:39:56.183  2114-2795  threaded_app            org.sdrpp.sdrpp                      V  New input event: type=2
2026-05-10 08:39:56.234  2114-2795  threaded_app            org.sdrpp.sdrpp                      V  New input event: type=2
2026-05-10 08:39:56.250  2114-2795  threaded_app            org.sdrpp.sdrpp                      V  New input event: type=2
2026-05-10 08:39:56.302  2114-2795  threaded_app            org.sdrpp.sdrpp                      V  New input event: type=2
2026-05-10 08:39:56.368  2114-2795  threaded_app            org.sdrpp.sdrpp                      V  New input event: type=2
2026-05-10 08:39:56.434  2114-2795  threaded_app            org.sdrpp.sdrpp                      V  New input event: type=2
2026-05-10 08:39:56.484  2114-2795  threaded_app            org.sdrpp.sdrpp                      V  New input event: type=2
2026-05-10 08:39:56.551  2114-2795  threaded_app            org.sdrpp.sdrpp                      V  New input event: type=2
2026-05-10 08:39:56.569  2114-2795  threaded_app            org.sdrpp.sdrpp                      V  New input event: type=2
2026-05-10 08:39:56.634  2114-2795  threaded_app            org.sdrpp.sdrpp                      V  New input event: type=2
2026-05-10 08:39:56.735  2114-2795  threaded_app            org.sdrpp.sdrpp                      V  New input event: type=2
2026-05-10 08:39:56.818  2114-2795  threaded_app            org.sdrpp.sdrpp                      V  New input event: type=2
2026-05-10 08:39:56.936  2114-2795  threaded_app            org.sdrpp.sdrpp                      V  New input event: type=2
2026-05-10 08:39:57.018  2114-2795  threaded_app            org.sdrpp.sdrpp                      V  New input event: type=2
2026-05-10 08:39:57.086  2114-2795  threaded_app            org.sdrpp.sdrpp                      V  New input event: type=2
2026-05-10 08:39:57.152  2114-2795  threaded_app            org.sdrpp.sdrpp                      V  New input event: type=2
2026-05-10 08:39:57.202  2114-2795  threaded_app            org.sdrpp.sdrpp                      V  New input event: type=2
2026-05-10 08:39:57.252  2114-2795  threaded_app            org.sdrpp.sdrpp                      V  New input event: type=2
2026-05-10 08:39:57.286  2114-2795  threaded_app            org.sdrpp.sdrpp                      V  New input event: type=2
2026-05-10 08:39:57.302  2114-2795  threaded_app            org.sdrpp.sdrpp                      V  New input event: type=2
2026-05-10 08:39:57.319  2114-2795  threaded_app            org.sdrpp.sdrpp                      V  New input event: type=2
2026-05-10 08:39:57.352  2114-2795  threaded_app            org.sdrpp.sdrpp                      V  New input event: type=2
2026-05-10 08:39:57.385  2114-2795  threaded_app            org.sdrpp.sdrpp                      V  New input event: type=2
2026-05-10 08:39:57.419  2114-2795  threaded_app            org.sdrpp.sdrpp                      V  New input event: type=2
2026-05-10 08:39:57.453  2114-2795  threaded_app            org.sdrpp.sdrpp                      V  New input event: type=2
2026-05-10 08:39:57.469  2114-2795  threaded_app            org.sdrpp.sdrpp                      V  New input event: type=2
2026-05-10 08:39:57.503  2114-2795  threaded_app            org.sdrpp.sdrpp                      V  New input event: type=2
2026-05-10 08:39:57.535  2114-2795  threaded_app            org.sdrpp.sdrpp                      V  New input event: type=2
2026-05-10 08:39:57.592  2114-2795  threaded_app            org.sdrpp.sdrpp                      V  New input event: type=2
2026-05-10 08:39:57.618  2114-2795  threaded_app            org.sdrpp.sdrpp                      V  New input event: type=2
2026-05-10 08:39:57.654  2114-2795  threaded_app            org.sdrpp.sdrpp                      V  New input event: type=2
2026-05-10 08:39:57.687  2114-2795  threaded_app            org.sdrpp.sdrpp                      V  New input event: type=2
2026-05-10 08:39:57.720  2114-2795  threaded_app            org.sdrpp.sdrpp                      V  New input event: type=2
2026-05-10 08:39:57.736  2114-2795  threaded_app            org.sdrpp.sdrpp                      V  New input event: type=2
2026-05-10 08:39:57.753  2114-2795  threaded_app            org.sdrpp.sdrpp                      V  New input event: type=2
2026-05-10 08:39:57.771  2114-2795  threaded_app            org.sdrpp.sdrpp                      V  New input event: type=2
2026-05-10 08:39:57.802  2114-2795  threaded_app            org.sdrpp.sdrpp                      V  New input event: type=2
2026-05-10 08:39:57.820  2114-2795  threaded_app            org.sdrpp.sdrpp                      V  New input event: type=2
2026-05-10 08:39:57.836  2114-2795  threaded_app            org.sdrpp.sdrpp                      V  New input event: type=2
2026-05-10 08:39:57.871  2114-2795  threaded_app            org.sdrpp.sdrpp                      V  New input event: type=2
2026-05-10 08:39:57.904  2114-2795  threaded_app            org.sdrpp.sdrpp                      V  New input event: type=2
2026-05-10 08:39:57.920  2114-2795  threaded_app            org.sdrpp.sdrpp                      V  New input event: type=2
2026-05-10 08:39:57.953  2114-2795  threaded_app            org.sdrpp.sdrpp                      V  New input event: type=2
2026-05-10 08:39:57.986  2114-2795  threaded_app            org.sdrpp.sdrpp                      V  New input event: type=2
2026-05-10 08:39:58.003  2114-2795  threaded_app            org.sdrpp.sdrpp                      V  New input event: type=2
2026-05-10 08:39:58.003  2114-2795  threaded_app            org.sdrpp.sdrpp                      V  New input event: type=2
2026-05-10 08:39:58.004  2114-2114  VRI[MainAc...y]@4767f40 org.sdrpp.sdrpp                      I  ViewPostIme pointer 1
2026-05-10 08:39:58.470  2114-2795  threaded_app            org.sdrpp.sdrpp                      V  New input event: type=2
2026-05-10 08:39:58.471  2114-2114  VRI[MainAc...y]@4767f40 org.sdrpp.sdrpp                      I  ViewPostIme pointer 0
2026-05-10 08:39:58.504  2114-2795  threaded_app            org.sdrpp.sdrpp                      V  New input event: type=2
2026-05-10 08:39:58.520  2114-2795  threaded_app            org.sdrpp.sdrpp                      V  New input event: type=2
2026-05-10 08:39:58.537  2114-2795  threaded_app            org.sdrpp.sdrpp                      V  New input event: type=2
2026-05-10 08:39:58.537  2114-2795  threaded_app            org.sdrpp.sdrpp                      V  New input event: type=2
2026-05-10 08:39:58.538  2114-2795  threaded_app            org.sdrpp.sdrpp                      V  New input event: type=2
2026-05-10 08:39:58.538  2114-2114  VRI[MainAc...y]@4767f40 org.sdrpp.sdrpp                      I  ViewPostIme pointer 1
2026-05-10 08:39:59.972  2114-2795  threaded_app            org.sdrpp.sdrpp                      V  New input event: type=2
2026-05-10 08:39:59.972  2114-2114  VRI[MainAc...y]@4767f40 org.sdrpp.sdrpp                      I  ViewPostIme pointer 0
2026-05-10 08:40:00.007  2114-2795  threaded_app            org.sdrpp.sdrpp                      V  New input event: type=2
2026-05-10 08:40:00.023  2114-2795  threaded_app            org.sdrpp.sdrpp                      V  New input event: type=2
2026-05-10 08:40:00.040  2114-2795  threaded_app            org.sdrpp.sdrpp                      V  New input event: type=2
2026-05-10 08:40:00.056  2114-2795  threaded_app            org.sdrpp.sdrpp                      V  New input event: type=2
2026-05-10 08:40:00.071  2114-2795  threaded_app            org.sdrpp.sdrpp                      V  New input event: type=2
2026-05-10 08:40:00.090  2114-2795  threaded_app            org.sdrpp.sdrpp                      V  New input event: type=2
2026-05-10 08:40:00.107  2114-2795  threaded_app            org.sdrpp.sdrpp                      V  New input event: type=2
2026-05-10 08:40:00.123  2114-2795  threaded_app            org.sdrpp.sdrpp                      V  New input event: type=2
2026-05-10 08:40:00.140  2114-2795  threaded_app            org.sdrpp.sdrpp                      V  New input event: type=2
2026-05-10 08:40:00.156  2114-2795  threaded_app            org.sdrpp.sdrpp                      V  New input event: type=2
2026-05-10 08:40:00.173  2114-2795  threaded_app            org.sdrpp.sdrpp                      V  New input event: type=2
2026-05-10 08:40:00.190  2114-2795  threaded_app            org.sdrpp.sdrpp                      V  New input event: type=2
2026-05-10 08:40:00.207  2114-2795  threaded_app            org.sdrpp.sdrpp                      V  New input event: type=2
2026-05-10 08:40:00.223  2114-2795  threaded_app            org.sdrpp.sdrpp                      V  New input event: type=2
2026-05-10 08:40:00.240  2114-2795  threaded_app            org.sdrpp.sdrpp                      V  New input event: type=2
2026-05-10 08:40:00.257  2114-2795  threaded_app            org.sdrpp.sdrpp                      V  New input event: type=2
2026-05-10 08:40:00.274  2114-2795  threaded_app            org.sdrpp.sdrpp                      V  New input event: type=2
2026-05-10 08:40:00.290  2114-2795  threaded_app            org.sdrpp.sdrpp                      V  New input event: type=2
2026-05-10 08:40:00.307  2114-2795  threaded_app            org.sdrpp.sdrpp                      V  New input event: type=2
2026-05-10 08:40:00.323  2114-2795  threaded_app            org.sdrpp.sdrpp                      V  New input event: type=2
2026-05-10 08:40:00.340  2114-2795  threaded_app            org.sdrpp.sdrpp                      V  New input event: type=2
2026-05-10 08:40:00.358  2114-2795  threaded_app            org.sdrpp.sdrpp                      V  New input event: type=2
2026-05-10 08:40:00.373  2114-2795  threaded_app            org.sdrpp.sdrpp                      V  New input event: type=2
2026-05-10 08:40:00.390  2114-2795  threaded_app            org.sdrpp.sdrpp                      V  New input event: type=2
2026-05-10 08:40:00.407  2114-2795  threaded_app            org.sdrpp.sdrpp                      V  New input event: type=2
2026-05-10 08:40:00.423  2114-2795  threaded_app            org.sdrpp.sdrpp                      V  New input event: type=2
2026-05-10 08:40:00.441  2114-2795  threaded_app            org.sdrpp.sdrpp                      V  New input event: type=2
2026-05-10 08:40:00.457  2114-2795  threaded_app            org.sdrpp.sdrpp                      V  New input event: type=2
2026-05-10 08:40:00.474  2114-2795  threaded_app            org.sdrpp.sdrpp                      V  New input event: type=2
2026-05-10 08:40:00.490  2114-2795  threaded_app            org.sdrpp.sdrpp                      V  New input event: type=2
2026-05-10 08:40:00.507  2114-2795  threaded_app            org.sdrpp.sdrpp                      V  New input event: type=2
2026-05-10 08:40:00.524  2114-2795  threaded_app            org.sdrpp.sdrpp                      V  New input event: type=2
2026-05-10 08:40:00.540  2114-2795  threaded_app            org.sdrpp.sdrpp                      V  New input event: type=2
2026-05-10 08:40:00.557  2114-2795  threaded_app            org.sdrpp.sdrpp                      V  New input event: type=2
2026-05-10 08:40:00.574  2114-2795  threaded_app            org.sdrpp.sdrpp                      V  New input event: type=2
2026-05-10 08:40:00.591  2114-2795  threaded_app            org.sdrpp.sdrpp                      V  New input event: type=2
2026-05-10 08:40:00.607  2114-2795  threaded_app            org.sdrpp.sdrpp                      V  New input event: type=2
2026-05-10 08:40:00.624  2114-2795  threaded_app            org.sdrpp.sdrpp                      V  New input event: type=2
2026-05-10 08:40:00.641  2114-2795  threaded_app            org.sdrpp.sdrpp                      V  New input event: type=2
2026-05-10 08:40:00.704  2114-2795  threaded_app            org.sdrpp.sdrpp                      V  New input event: type=2
2026-05-10 08:40:00.704  2114-2795  threaded_app            org.sdrpp.sdrpp                      V  New input event: type=2
2026-05-10 08:40:00.704  2114-2795  threaded_app            org.sdrpp.sdrpp                      V  New input event: type=2
2026-05-10 08:40:00.704  2114-2795  threaded_app            org.sdrpp.sdrpp                      V  New input event: type=2
2026-05-10 08:40:00.731  2114-2795  threaded_app            org.sdrpp.sdrpp                      V  New input event: type=2
2026-05-10 08:40:00.737  2114-2795  threaded_app            org.sdrpp.sdrpp                      V  New input event: type=2
2026-05-10 08:40:00.756  2114-2795  threaded_app            org.sdrpp.sdrpp                      V  New input event: type=2
2026-05-10 08:40:00.775  2114-2795  threaded_app            org.sdrpp.sdrpp                      V  New input event: type=2
2026-05-10 08:40:00.789  2114-2795  threaded_app            org.sdrpp.sdrpp                      V  New input event: type=2
2026-05-10 08:40:00.807  2114-2795  threaded_app            org.sdrpp.sdrpp                      V  New input event: type=2
2026-05-10 08:40:00.824  2114-2795  threaded_app            org.sdrpp.sdrpp                      V  New input event: type=2
2026-05-10 08:40:00.841  2114-2795  threaded_app            org.sdrpp.sdrpp                      V  New input event: type=2
2026-05-10 08:40:00.858  2114-2795  threaded_app            org.sdrpp.sdrpp                      V  New input event: type=2
2026-05-10 08:40:00.874  2114-2795  threaded_app            org.sdrpp.sdrpp                      V  New input event: type=2
2026-05-10 08:40:00.891  2114-2795  threaded_app            org.sdrpp.sdrpp                      V  New input event: type=2
2026-05-10 08:40:00.907  2114-2795  threaded_app            org.sdrpp.sdrpp                      V  New input event: type=2
2026-05-10 08:40:00.924  2114-2795  threaded_app            org.sdrpp.sdrpp                      V  New input event: type=2
2026-05-10 08:40:00.941  2114-2795  threaded_app            org.sdrpp.sdrpp                      V  New input event: type=2
2026-05-10 08:40:00.974  2114-2795  threaded_app            org.sdrpp.sdrpp                      V  New input event: type=2
2026-05-10 08:40:00.974  2114-2795  threaded_app            org.sdrpp.sdrpp                      V  New input event: type=2
2026-05-10 08:40:00.974  2114-2114  VRI[MainAc...y]@4767f40 org.sdrpp.sdrpp                      I  ViewPostIme pointer 1
2026-05-10 08:40:02.025  2114-2795  threaded_app            org.sdrpp.sdrpp                      V  New input event: type=2
2026-05-10 08:40:02.026  2114-2114  VRI[MainAc...y]@4767f40 org.sdrpp.sdrpp                      I  ViewPostIme pointer 0
2026-05-10 08:40:02.059  2114-2795  threaded_app            org.sdrpp.sdrpp                      V  New input event: type=2
2026-05-10 08:40:02.075  2114-2795  threaded_app            org.sdrpp.sdrpp                      V  New input event: type=2
2026-05-10 08:40:02.093  2114-2795  threaded_app            org.sdrpp.sdrpp                      V  New input event: type=2
2026-05-10 08:40:02.094  2114-2795  threaded_app            org.sdrpp.sdrpp                      V  New input event: type=2
2026-05-10 08:40:02.094  2114-2795  threaded_app            org.sdrpp.sdrpp                      V  New input event: type=2
2026-05-10 08:40:02.094  2114-2114  VRI[MainAc...y]@4767f40 org.sdrpp.sdrpp                      I  ViewPostIme pointer 1
2026-05-10 08:40:03.695  2114-2795  threaded_app            org.sdrpp.sdrpp                      V  New input event: type=2
2026-05-10 08:40:03.695  2114-2114  VRI[MainAc...y]@4767f40 org.sdrpp.sdrpp                      I  ViewPostIme pointer 0
2026-05-10 08:40:03.727  2114-2795  threaded_app            org.sdrpp.sdrpp                      V  New input event: type=2
2026-05-10 08:40:03.744  2114-2795  threaded_app            org.sdrpp.sdrpp                      V  New input event: type=2
2026-05-10 08:40:03.787  2114-2795  threaded_app            org.sdrpp.sdrpp                      V  New input event: type=2
2026-05-10 08:40:03.787  2114-2795  threaded_app            org.sdrpp.sdrpp                      V  New input event: type=2
2026-05-10 08:40:03.817  2114-2795  threaded_app            org.sdrpp.sdrpp                      V  New input event: type=2
2026-05-10 08:40:03.817  2114-2795  threaded_app            org.sdrpp.sdrpp                      V  New input event: type=2
2026-05-10 08:40:03.817  2114-2795  threaded_app            org.sdrpp.sdrpp                      V  New input event: type=2
2026-05-10 08:40:03.818  2114-2114  VRI[MainAc...y]@4767f40 org.sdrpp.sdrpp                      I  ViewPostIme pointer 1
2026-05-10 08:40:05.662  2114-2795  threaded_app            org.sdrpp.sdrpp                      V  New input event: type=2
2026-05-10 08:40:05.663  2114-2114  VRI[MainAc...y]@4767f40 org.sdrpp.sdrpp                      I  ViewPostIme pointer 0
2026-05-10 08:40:05.699  2114-2795  threaded_app            org.sdrpp.sdrpp                      V  New input event: type=2
2026-05-10 08:40:05.714  2114-2795  threaded_app            org.sdrpp.sdrpp                      V  New input event: type=2
2026-05-10 08:40:05.747  2114-2795  threaded_app            org.sdrpp.sdrpp                      V  New input event: type=2
2026-05-10 08:40:05.747  2114-2795  threaded_app            org.sdrpp.sdrpp                      V  New input event: type=2
2026-05-10 08:40:05.747  2114-2795  threaded_app            org.sdrpp.sdrpp                      V  New input event: type=2
2026-05-10 08:40:05.748  2114-2114  VRI[MainAc...y]@4767f40 org.sdrpp.sdrpp                      I  ViewPostIme pointer 1
2026-05-10 08:40:06.862  2114-2795  threaded_app            org.sdrpp.sdrpp                      V  New input event: type=2
2026-05-10 08:40:06.862  2114-2795  threaded_app            org.sdrpp.sdrpp                      V  New input event: type=2
2026-05-10 08:40:06.862  2114-2114  VRI[MainAc...y]@4767f40 org.sdrpp.sdrpp                      I  ViewPostIme pointer 0
2026-05-10 08:40:06.891  2114-2795  threaded_app            org.sdrpp.sdrpp                      V  New input event: type=2
2026-05-10 08:40:06.891  2114-2795  threaded_app            org.sdrpp.sdrpp                      V  New input event: type=2
2026-05-10 08:40:06.891  2114-2795  threaded_app            org.sdrpp.sdrpp                      V  New input event: type=2
2026-05-10 08:40:06.892  2114-2114  VRI[MainAc...y]@4767f40 org.sdrpp.sdrpp                      I  ViewPostIme pointer 1
2026-05-10 08:40:06.897  2114-2114  Predator RF             org.sdrpp.sdrpp                      D  NCV focusability disabled: NativeContentView size=2320x1080 hasWindowFocus=true hasFocus=false
2026-05-10 08:40:06.898  2114-2114  Predator RF             org.sdrpp.sdrpp                      W  imeCapture lost focus while IME wanted — re-fighting
2026-05-10 08:40:06.906  2114-2114  InputMethodManagerUtils org.sdrpp.sdrpp                      D  startInputInner - Id : 0
2026-05-10 08:40:06.906  2114-2114  InputMethodManager      org.sdrpp.sdrpp                      I  startInputInner - IInputMethodManagerGlobalInvoker.startInputOrWindowGainedFocus
2026-05-10 08:40:06.908  2114-2114  InputMethodManager_LC   org.sdrpp.sdrpp                      I  showSoftInput(View,I)
2026-05-10 08:40:06.909  2114-2114  ImeTracker              org.sdrpp.sdrpp                      I  org.sdrpp.sdrpp:9a7b07c4: onRequestShow at ORIGIN_CLIENT reason SHOW_SOFT_INPUT fromUser false
2026-05-10 08:40:06.909  2114-2114  InputMethodManager_LC   org.sdrpp.sdrpp                      I  ssi(): flags=2 view=org.sdrpp.sdrpp reason=SHOW_SOFT_INPUT
2026-05-10 08:40:06.909  2114-2114  InputMethodManager      org.sdrpp.sdrpp                      D  showSoftInput() view=android.widget.EditText{d1209ed VFED..... .F....ID 0,0-4,4 aid=1073741824} flags=2 reason=SHOW_SOFT_INPUT
2026-05-10 08:40:06.910  2114-2533  InputTransport          org.sdrpp.sdrpp                      D  Input channel constructed: 'ClientS', fd=150
2026-05-10 08:40:06.912  2114-2114  Predator RF             org.sdrpp.sdrpp                      I  showSoftInput: focus=true shown=true imeBot=0
2026-05-10 08:40:06.912  2114-2114  InputMethodManagerUtils org.sdrpp.sdrpp                      D  startInputInner - Id : 0
2026-05-10 08:40:06.912  2114-2114  InputMethodManager      org.sdrpp.sdrpp                      I  startInputInner - IInputMethodManagerGlobalInvoker.startInputOrWindowGainedFocus
2026-05-10 08:40:06.913  2114-2114  InputMethodManager_LC   org.sdrpp.sdrpp                      I  showSoftInput(View,I)
2026-05-10 08:40:06.913  2114-2114  ImeTracker              org.sdrpp.sdrpp                      I  org.sdrpp.sdrpp:8976b5b5: onRequestShow at ORIGIN_CLIENT reason SHOW_SOFT_INPUT fromUser false
2026-05-10 08:40:06.913  2114-2114  InputMethodManager_LC   org.sdrpp.sdrpp                      I  ssi(): flags=2 view=org.sdrpp.sdrpp reason=SHOW_SOFT_INPUT
2026-05-10 08:40:06.914  2114-2114  InputMethodManager      org.sdrpp.sdrpp                      D  showSoftInput() view=android.widget.EditText{d1209ed VFED..... .F....ID 0,0-4,4 aid=1073741824} flags=2 reason=SHOW_SOFT_INPUT
2026-05-10 08:40:06.919  2114-2533  InputTransport          org.sdrpp.sdrpp                      D  Input channel constructed: 'ClientS', fd=189
2026-05-10 08:40:06.921  2114-2114  AssistStructure         org.sdrpp.sdrpp                      I  Flattened final assist data: 496 bytes, containing 1 windows, 2 views
2026-05-10 08:40:06.926  2114-2114  RemoteInpu...ectionImpl org.sdrpp.sdrpp                      W  getExtractedText on inactive InputConnection
2026-05-10 08:40:06.957  2114-2114  RemoteInpu...ectionImpl org.sdrpp.sdrpp                      W  requestCursorUpdates on inactive InputConnection
2026-05-10 08:40:06.988  2114-2114  InsetsController        org.sdrpp.sdrpp                      I  onStateChanged: host=org.sdrpp.sdrpp/org.sdrpp.sdrpp.MainActivity, from=android.view.ViewRootImpl.handleResized:2789, state=InsetsState: {mDisplayFrame=Rect(0, 0 - 2400, 1080), mDisplayCutout=DisplayCutout{insets=Rect(80, 0 - 0, 0) waterfall=Insets{left=0, top=0, right=0, bottom=0} boundingRect={Bounds=[Rect(0, 510 - 80, 570), Rect(0, 0 - 0, 0), Rect(0, 0 - 0, 0), Rect(0, 0 - 0, 0)]} cutoutPathParserInfo={CutoutPathParserInfo{displayWidth=1080 displayHeight=2400 physicalDisplayWidth=1080 physicalDisplayHeight=2400 density={3.0} cutoutSpec={M 0,0 H -10 V 26.66666666666667 H 10 V 0 H 0 Z @dp} rotation={1} scale={1.0} physicalPixelDisplaySizeRatio={1.0}}} sideOverrides={}}, mRoundedCorners=RoundedCorners{[RoundedCorner{position=TopLeft, radius=108, center=Point(108, 108)}, RoundedCorner{position=TopRight, radius=108, center=Point(2292, 108)}, RoundedCorner{position=BottomRight, radius=108, center=Point(2292, 972)}, RoundedCorner{position=BottomLeft, radius=108, center=Point(108, 972)}]}  mRoundedCornerFrame=Rect(0, 0 - 2400, 1080), mPrivacyIndicatorBounds=PrivacyIndicatorBounds {static bounds=Rect(2268, 0 - 2400, 72) rotation=1}, mDisplayShape=DisplayShape{ spec=-311912193 displayWidth=1080 displayHeight=2400 physicalPixelDisplaySizeRatio=1.0 rotation=1 offsetX=0 offsetY=0 scale=1.0}, mSources= { InsetsSource: {b9aa0001 mType=navigationBars mFrame=[2256,0][2400,1080] mVisible=false mFlags= mSideHint=RIGHT mBoundingRects=null}, InsetsSource: {b9aa0004 mType=systemGestures mFrame=[0,0][0,0] mVisible=true mFlags= mSideHint=NONE mBoundingRects=null}, InsetsSource: {b9aa0005 mType=mandatorySystemGestures mFrame=[2256,0][2400,1080] mVisible=true mFlags= mSideHint=RIGHT mBoundingRects=null}, InsetsSource: {b9aa0006 mType=tappableElement mFrame=[2256,0][2400,1080] mVisible=true mFlags= mSideHint=RIGHT mBoundingRects=null}, InsetsSource: {b9aa0024 mType=systemGestures mFrame=[0,0][0,0] mVisible=true mFlags= mSideHint=NONE mBoundingRects=null}, InsetsSource: {3 mType=ime mFrame=[80,486][2256,1080] mVisible=false mFlags= mSideHint=BOTTOM mBoundingRects=null}, InsetsSource: {7 mType=displayCutout mFrame=[0,0][80,1080] mVisible=true mFlags= mSideHint=LEFT mBoundingRects=null}, InsetsSource: {2a410000 mType=statusBars mFrame=[0,0][2400,72] mVisible=false mFlags= mSideHint=TOP mBoundingRects=null}, InsetsSource: {2a410005 mType=mandatorySystemGestures mFrame=[0,0][2400,72] mVisible=true mFlags= mSideHint=TOP mBoundingRects=null}, InsetsSource: {2a410006 mType=tappableElement mFrame=[0,0][2400,72] mVisible=true mFlags= mSideHint=TOP mBoundingRects=null} }
2026-05-10 08:40:06.988  2114-2114  VRI[MainAc...y]@4767f40 org.sdrpp.sdrpp                      I  handleResized, frames=ClientWindowFrames{frame=[0,0][2400,1080] display=[0,0][2400,1080] parentFrame=[0,0][0,0]} displayId=0 dragResizing=false compatScale=1.0 frameChanged=false attachedFrameChanged=false configChanged=false displayChanged=false compatScaleChanged=false dragResizingChanged=false
2026-05-10 08:40:07.025  2114-2114  InsetsController        org.sdrpp.sdrpp                      D  show(ime(), fromIme=true)
2026-05-10 08:40:07.027  2114-2114  InsetsController        org.sdrpp.sdrpp                      I  setRequestedVisibleTypes: visible=true, mask=ime, host=org.sdrpp.sdrpp/org.sdrpp.sdrpp.MainActivity, from=android.view.InsetsController.controlAnimationUnchecked:1498 android.view.InsetsController.applyAnimation:2228 android.view.InsetsController.applyAnimation:2159 android.view.InsetsController.show:1340 android.view.ViewRootImpl$ViewRootHandler.handleMessageImpl:8056 android.view.ViewRootImpl$ViewRootHandler.handleMessage:7991 android.os.Handler.dispatchMessage:107 android.os.Looper.loopOnce:257 android.os.Looper.loop:342 android.app.ActivityThread.main:9634 
2026-05-10 08:40:07.029  2114-2114  InsetsController        org.sdrpp.sdrpp                      I  controlAnimationUncheckedInner: Added types=ime, animType=0, host=org.sdrpp.sdrpp/org.sdrpp.sdrpp.MainActivity, from=android.view.InsetsController.controlAnimationUnchecked:1502 android.view.InsetsController.applyAnimation:2228 android.view.InsetsController.applyAnimation:2159 
2026-05-10 08:40:07.043  2114-2114  threaded_app            org.sdrpp.sdrpp                      V  ContentRectChanged: l=80,t=0,r=2400,b=486
2026-05-10 08:40:07.044  2114-2114  InsetsController        org.sdrpp.sdrpp                      I  onStateChanged: host=org.sdrpp.sdrpp/org.sdrpp.sdrpp.MainActivity, from=android.view.ViewRootImpl.handleResized:2789, state=InsetsState: {mDisplayFrame=Rect(0, 0 - 2400, 1080), mDisplayCutout=DisplayCutout{insets=Rect(80, 0 - 0, 0) waterfall=Insets{left=0, top=0, right=0, bottom=0} boundingRect={Bounds=[Rect(0, 510 - 80, 570), Rect(0, 0 - 0, 0), Rect(0, 0 - 0, 0), Rect(0, 0 - 0, 0)]} cutoutPathParserInfo={CutoutPathParserInfo{displayWidth=1080 displayHeight=2400 physicalDisplayWidth=1080 physicalDisplayHeight=2400 density={3.0} cutoutSpec={M 0,0 H -10 V 26.66666666666667 H 10 V 0 H 0 Z @dp} rotation={1} scale={1.0} physicalPixelDisplaySizeRatio={1.0}}} sideOverrides={}}, mRoundedCorners=RoundedCorners{[RoundedCorner{position=TopLeft, radius=108, center=Point(108, 108)}, RoundedCorner{position=TopRight, radius=108, center=Point(2292, 108)}, RoundedCorner{position=BottomRight, radius=108, center=Point(2292, 972)}, RoundedCorner{position=BottomLeft, radius=108, center=Point(108, 972)}]}  mRoundedCornerFrame=Rect(0, 0 - 2400, 1080), mPrivacyIndicatorBounds=PrivacyIndicatorBounds {static bounds=Rect(2268, 0 - 2400, 72) rotation=1}, mDisplayShape=DisplayShape{ spec=-311912193 displayWidth=1080 displayHeight=2400 physicalPixelDisplaySizeRatio=1.0 rotation=1 offsetX=0 offsetY=0 scale=1.0}, mSources= { InsetsSource: {b9aa0001 mType=navigationBars mFrame=[2256,0][2400,1080] mVisible=false mFlags= mSideHint=RIGHT mBoundingRects=null}, InsetsSource: {b9aa0004 mType=systemGestures mFrame=[0,0][0,0] mVisible=true mFlags= mSideHint=NONE mBoundingRects=null}, InsetsSource: {b9aa0005 mType=mandatorySystemGestures mFrame=[2256,0][2400,1080] mVisible=true mFlags= mSideHint=RIGHT mBoundingRects=null}, InsetsSource: {b9aa0006 mType=tappableElement mFrame=[2256,0][2400,1080] mVisible=true mFlags= mSideHint=RIGHT mBoundingRects=null}, InsetsSource: {b9aa0024 mType=systemGestures mFrame=[0,0][0,0] mVisible=true mFlags= mSideHint=NONE mBoundingRects=null}, InsetsSource: {3 mType=ime mFrame=[80,486][2256,1080] mVisible=true mFlags= mSideHint=BOTTOM mBoundingRects=null}, InsetsSource: {7 mType=displayCutout mFrame=[0,0][80,1080] mVisible=true mFlags= mSideHint=LEFT mBoundingRects=null}, InsetsSource: {2a410000 mType=statusBars mFrame=[0,0][2400,72] mVisible=false mFlags= mSideHint=TOP mBoundingRects=null}, InsetsSource: {2a410005 mType=mandatorySystemGestures mFrame=[0,0][2400,72] mVisible=true mFlags= mSideHint=TOP mBoundingRects=null}, InsetsSource: {2a410006 mType=tappableElement mFrame=[0,0][2400,72] mVisible=true mFlags= mSideHint=TOP mBoundingRects=null} }
2026-05-10 08:40:07.044  2114-2114  VRI[MainAc...y]@4767f40 org.sdrpp.sdrpp                      I  handleResized, frames=ClientWindowFrames{frame=[0,0][2400,1080] display=[0,0][2400,1080] parentFrame=[0,0][0,0]} displayId=0 dragResizing=false compatScale=1.0 frameChanged=false attachedFrameChanged=false configChanged=false displayChanged=false compatScaleChanged=false dragResizingChanged=false
2026-05-10 08:40:07.048  2114-2114  InsetsController        org.sdrpp.sdrpp                      I  onStateChanged: host=org.sdrpp.sdrpp/org.sdrpp.sdrpp.MainActivity, from=android.view.ViewRootImpl.handleResized:2789, state=InsetsState: {mDisplayFrame=Rect(0, 0 - 2400, 1080), mDisplayCutout=DisplayCutout{insets=Rect(80, 0 - 0, 0) waterfall=Insets{left=0, top=0, right=0, bottom=0} boundingRect={Bounds=[Rect(0, 510 - 80, 570), Rect(0, 0 - 0, 0), Rect(0, 0 - 0, 0), Rect(0, 0 - 0, 0)]} cutoutPathParserInfo={CutoutPathParserInfo{displayWidth=1080 displayHeight=2400 physicalDisplayWidth=1080 physicalDisplayHeight=2400 density={3.0} cutoutSpec={M 0,0 H -10 V 26.66666666666667 H 10 V 0 H 0 Z @dp} rotation={1} scale={1.0} physicalPixelDisplaySizeRatio={1.0}}} sideOverrides={}}, mRoundedCorners=RoundedCorners{[RoundedCorner{position=TopLeft, radius=108, center=Point(108, 108)}, RoundedCorner{position=TopRight, radius=108, center=Point(2292, 108)}, RoundedCorner{position=BottomRight, radius=108, center=Point(2292, 972)}, RoundedCorner{position=BottomLeft, radius=108, center=Point(108, 972)}]}  mRoundedCornerFrame=Rect(0, 0 - 2400, 1080), mPrivacyIndicatorBounds=PrivacyIndicatorBounds {static bounds=Rect(2268, 0 - 2400, 72) rotation=1}, mDisplayShape=DisplayShape{ spec=-311912193 displayWidth=1080 displayHeight=2400 physicalPixelDisplaySizeRatio=1.0 rotation=1 offsetX=0 offsetY=0 scale=1.0}, mSources= { InsetsSource: {b9aa0001 mType=navigationBars mFrame=[2256,0][2400,1080] mVisible=true mFlags= mSideHint=RIGHT mBoundingRects=null}, InsetsSource: {b9aa0004 mType=systemGestures mFrame=[0,0][0,0] mVisible=true mFlags= mSideHint=NONE mBoundingRects=null}, InsetsSource: {b9aa0005 mType=mandatorySystemGestures mFrame=[2256,0][2400,1080] mVisible=true mFlags= mSideHint=RIGHT mBoundingRects=null}, InsetsSource: {b9aa0006 mType=tappableElement mFrame=[2256,0][2400,1080] mVisible=true mFlags= mSideHint=RIGHT mBoundingRects=null}, InsetsSource: {b9aa0024 mType=systemGestures mFrame=[0,0][0,0] mVisible=true mFlags= mSideHint=NONE mBoundingRects=null}, InsetsSource: {3 mType=ime mFrame=[80,486][2256,1080] mVisible=true mFlags= mSideHint=BOTTOM mBoundingRects=null}, InsetsSource: {7 mType=displayCutout mFrame=[0,0][80,1080] mVisible=true mFlags= mSideHint=LEFT mBoundingRects=null}, InsetsSource: {2a410000 mType=statusBars mFrame=[0,0][2400,72] mVisible=false mFlags= mSideHint=TOP mBoundingRects=null}, InsetsSource: {2a410005 mType=mandatorySystemGestures mFrame=[0,0][2400,72] mVisible=true mFlags= mSideHint=TOP mBoundingRects=null}, InsetsSource: {2a410006 mType=tappableElement mFrame=[0,0][2400,72] mVisible=true mFlags= mSideHint=TOP mBoundingRects=null} }
2026-05-10 08:40:07.048  2114-2114  VRI[MainAc...y]@4767f40 org.sdrpp.sdrpp                      I  handleResized, frames=ClientWindowFrames{frame=[0,0][2400,1080] display=[0,0][2400,1080] parentFrame=[0,0][0,0]} displayId=0 dragResizing=false compatScale=1.0 frameChanged=false attachedFrameChanged=false configChanged=false displayChanged=false compatScaleChanged=false dragResizingChanged=false
2026-05-10 08:40:07.060  2114-2114  threaded_app            org.sdrpp.sdrpp                      V  ContentRectChanged: l=80,t=0,r=2256,b=486
2026-05-10 08:40:07.395  2114-2114  InsetsController        org.sdrpp.sdrpp                      I  cancelAnimation: types=ime, animType=0, host=org.sdrpp.sdrpp/org.sdrpp.sdrpp.MainActivity, from=android.view.InsetsController.notifyFinished:1890 android.view.InsetsAnimationThreadControlRunner$1.lambda$notifyFinished$0:87 android.view.InsetsAnimationThreadControlRunner$1.$r8$lambda$cDFF0h4Ncq-8EXdGszv69jrUu7c:0 
2026-05-10 08:40:07.395  2114-2114  ImeTracker              org.sdrpp.sdrpp                      I  org.sdrpp.sdrpp:8976b5b5: onShown
2026-05-10 08:40:08.488  2114-2114  ImeTracker              org.sdrpp.sdrpp                      I  org.sdrpp.sdrpp:a6fb7fa8: onRequestHide at ORIGIN_CLIENT reason HIDE_SOFT_INPUT fromUser false
2026-05-10 08:40:08.488  2114-2114  InputMethodManager_LC   org.sdrpp.sdrpp                      I  hsifw() - flag : 0
2026-05-10 08:40:08.489  2114-2114  InputMethodManager_LC   org.sdrpp.sdrpp                      I  hsifw() - mService.hideSoftInput
2026-05-10 08:40:08.496  2114-2114  InsetsController        org.sdrpp.sdrpp                      D  hide(ime(), fromIme=true)
2026-05-10 08:40:08.498  2114-2114  InsetsController        org.sdrpp.sdrpp                      I  setRequestedVisibleTypes: visible=false, mask=ime, host=org.sdrpp.sdrpp/org.sdrpp.sdrpp.MainActivity, from=android.view.InsetsController.controlAnimationUnchecked:1498 android.view.InsetsController.applyAnimation:2228 android.view.InsetsController.applyAnimation:2159 android.view.InsetsController.hide:1452 android.view.ViewRootImpl$ViewRootHandler.handleMessageImpl:8063 android.view.ViewRootImpl$ViewRootHandler.handleMessage:7991 android.os.Handler.dispatchMessage:107 android.os.Looper.loopOnce:257 android.os.Looper.loop:342 android.app.ActivityThread.main:9634 
2026-05-10 08:40:08.499  2114-2114  InsetsController        org.sdrpp.sdrpp                      I  controlAnimationUncheckedInner: Added types=ime, animType=1, host=org.sdrpp.sdrpp/org.sdrpp.sdrpp.MainActivity, from=android.view.InsetsController.controlAnimationUnchecked:1502 android.view.InsetsController.applyAnimation:2228 android.view.InsetsController.applyAnimation:2159 
2026-05-10 08:40:08.512  2114-2114  threaded_app            org.sdrpp.sdrpp                      V  ContentRectChanged: l=80,t=0,r=2256,b=1080
